// Jest Snapshot v1, https://goo.gl/fbAQLP

exports[`Airlines home - get all airlines snapshot test 1`] = `
<RNCSafeAreaProvider
  onInsetsChange={[Function]}
  style={
    [
      {
        "flex": 1,
      },
      undefined,
    ]
  }
>
  <View
    collapsable={false}
    pointerEvents="box-none"
    style={
      {
        "flex": 1,
      }
    }
  >
    <RCTSafeAreaView
      style={
        {
          "flex": 1,
          "padding": 10,
        }
      }
    >
      <View
        style={
          {
            "flexDirection": "row-reverse",
            "padding": 10,
          }
        }
      >
        <View
          collapsable={false}
          style={
            {
              "backgroundColor": "#7AB2B2",
              "borderRadius": 20,
              "shadowColor": "#000",
              "shadowOffset": {
                "height": 0,
                "width": 0,
              },
              "shadowOpacity": 0,
              "shadowRadius": 0,
              "width": 120,
            }
          }
          testID="button-container-outer-layer"
        >
          <View
            collapsable={false}
            style={
              {
                "backgroundColor": "#7AB2B2",
                "borderColor": "transparent",
                "borderRadius": 20,
                "borderStyle": "solid",
                "borderWidth": 0,
                "flex": undefined,
                "minWidth": 64,
                "shadowColor": "#000",
                "shadowOffset": {
                  "height": 0,
                  "width": 0,
                },
                "shadowOpacity": 0,
                "shadowRadius": 0,
              }
            }
            testID="button-container"
          >
            <View
              accessibilityRole="button"
              accessibilityState={
                {
                  "busy": undefined,
                  "checked": undefined,
                  "disabled": false,
                  "expanded": undefined,
                  "selected": undefined,
                }
              }
              accessibilityValue={
                {
                  "max": undefined,
                  "min": undefined,
                  "now": undefined,
                  "text": undefined,
                }
              }
              accessible={true}
              collapsable={false}
              focusable={true}
              onBlur={[Function]}
              onClick={[Function]}
              onFocus={[Function]}
              onResponderGrant={[Function]}
              onResponderMove={[Function]}
              onResponderRelease={[Function]}
              onResponderTerminate={[Function]}
              onResponderTerminationRequest={[Function]}
              onStartShouldSetResponder={[Function]}
              style={
                [
                  {
                    "overflow": "hidden",
                  },
                  {
                    "borderRadius": 20,
                  },
                ]
              }
              testID="button"
            >
              <View
                style={
                  [
                    {
                      "alignItems": "center",
                      "flexDirection": "row",
                      "justifyContent": "center",
                    },
                    undefined,
                  ]
                }
              >
                <Text
                  numberOfLines={1}
                  selectable={false}
                  style={
                    [
                      {
                        "textAlign": "left",
                      },
                      {
                        "color": "rgba(28, 27, 31, 1)",
                        "writingDirection": "ltr",
                      },
                      [
                        {
                          "fontFamily": "System",
                          "fontSize": 14,
                          "fontWeight": "500",
                          "letterSpacing": 0.1,
                          "lineHeight": 20,
                        },
                        [
                          {
                            "marginHorizontal": 16,
                            "marginVertical": 9,
                            "textAlign": "center",
                          },
                          false,
                          {
                            "marginHorizontal": 24,
                            "marginVertical": 10,
                          },
                          undefined,
                          false,
                          {
                            "color": "rgba(255, 255, 255, 1)",
                            "fontFamily": "System",
                            "fontSize": 14,
                            "fontWeight": "500",
                            "letterSpacing": 0.1,
                            "lineHeight": 20,
                          },
                          undefined,
                        ],
                      ],
                    ]
                  }
                  testID="button-text"
                >
                  Create
                </Text>
              </View>
            </View>
          </View>
        </View>
      </View>
      <RCTScrollView
        ListFooterComponent={[Function]}
        data={[]}
        getItem={[Function]}
        getItemCount={[Function]}
        keyExtractor={[Function]}
        onContentSizeChange={[Function]}
        onEndReached={[Function]}
        onEndReachedThreshold={0.5}
        onLayout={[Function]}
        onMomentumScrollBegin={[Function]}
        onMomentumScrollEnd={[Function]}
        onScroll={[Function]}
        onScrollBeginDrag={[Function]}
        onScrollEndDrag={[Function]}
        removeClippedSubviews={false}
        renderItem={[Function]}
        scrollEventThrottle={0.0001}
        stickyHeaderIndices={[]}
        viewabilityConfigCallbackPairs={[]}
      >
        <View>
          <View
            onLayout={[Function]}
          >
            <ActivityIndicator
              color="#4D869C"
              size="large"
            />
          </View>
        </View>
      </RCTScrollView>
      <Toast />
    </RCTSafeAreaView>
  </View>
  <View
    collapsable={false}
    pointerEvents="box-none"
    style={
      {
        "bottom": 0,
        "left": 0,
        "position": "absolute",
        "right": 0,
        "top": 0,
      }
    }
  />
</RNCSafeAreaProvider>
`;
