// Jest Snapshot v1, https://goo.gl/fbAQLP

exports[`Gates home - get all Gates snapshot test 1`] = `
<Text>
  No details available.
</Text>
`;
