// Jest Snapshot v1, https://goo.gl/fbAQLP

exports[`SlotCard Component snapshot test 1`] = `[Function]`;
